// Jest Snapshot v1, https://goo.gl/fbAQLP

exports[`Testing component : <listofapis /> <listofapis /> should render with id 1`] = `
{
  "children": null,
  "props": {
    "className": "sc-bcXHqe ileYXv",
    "data-testid": "listofapisTestId",
    "id": Any<String>,
  },
  "type": "h1",
}
`;
